<?xml version="1.0" encoding="utf-8"?><testsuites><testsuite name="pytest" errors="0" failures="0" skipped="0" tests="15" time="0.079" timestamp="2025-05-23T01:21:29.318945+00:00" hostname="e88a10f45e3c"><testcase classname="tests.test_integration_docker.TestDockerHealthEndpoints" name="test_health_check" time="0.004" /><testcase classname="tests.test_integration_docker.TestDockerHealthEndpoints" name="test_health_endpoint_performance" time="0.002" /><testcase classname="tests.test_integration_docker.TestDockerWebhookEndpoints" name="test_webhook_get_method_not_allowed" time="0.001" /><testcase classname="tests.test_integration_docker.TestDockerWebhookEndpoints" name="test_webhook_invalid_secret" time="0.001" /><testcase classname="tests.test_integration_docker.TestDockerWebhookEndpoints" name="test_webhook_valid_request" time="0.001" /><testcase classname="tests.test_integration_docker.TestDockerMessageEndpoints" name="test_get_messages_endpoint" time="0.002" /><testcase classname="tests.test_integration_docker.TestDockerMessageEndpoints" name="test_get_messages_with_filters" time="0.001" /><testcase classname="tests.test_integration_docker.TestDockerMessageEndpoints" name="test_messages_batch_endpoint" time="0.001" /><testcase classname="tests.test_integration_docker.TestDockerErrorHandling" name="test_invalid_endpoint" time="0.001" /><testcase classname="tests.test_integration_docker.TestDockerErrorHandling" name="test_malformed_json_request" time="0.001" /><testcase classname="tests.test_integration_docker.TestDockerNetworking" name="test_concurrent_requests" time="0.011" /><testcase classname="tests.test_integration_docker.TestDockerNetworking" name="test_service_discovery" time="0.001" /><testcase classname="tests.test_integration_docker.TestDockerFirestoreIntegration" name="test_firestore_emulator_connection" time="0.001" /><testcase classname="tests.test_integration_docker.TestDockerFirestoreIntegration" name="test_database_operations" time="0.001" /><testcase classname="tests.test_integration_docker.TestDockerPerformance" name="test_response_times" time="0.002" /></testsuite></testsuites>